[fakye.web-cartel.com/index.html]
[backblue.gif]
[fade.gif]
[index.html]
[fakye.web-cartel.com/images/favicon.png]
[fakye.web-cartel.com/images/loading.gif]
[fakye.web-cartel.com/images/logo.jpg]
[fakye.web-cartel.com/about-fakye.html]
[fakye.web-cartel.com/categories.html]
[fakye.web-cartel.com/charitable-post-in-ghana.html]
[fakye.web-cartel.com/donation-page.html]
[fakye.web-cartel.com/categories/9-Clothing.html]
[fakye.web-cartel.com/categories/8-Food.html]
[fakye.web-cartel.com/categories/5-Books & Stationary.html]
[fakye.web-cartel.com/categories/7-Services.html]
[fakye.web-cartel.com/categories/10-Electronics.html]
[fakye.web-cartel.com/categories/11-Pets.html]
[fakye.web-cartel.com/categories/12-Furniture.html]
[fakye.web-cartel.com/categories/14-Others.html]
[fakye.web-cartel.com/categories/13-Hardware.html]
[fakye.web-cartel.com/images/listing/1524910673.DSC_0048 (1).jpg]
[fakye.web-cartel.com/1-THE BIG CHEESE/Accra.html]
[fakye.web-cartel.com/images/listing/1525955867.Screen Shot 2018-02-27 at 10.33.35 AM.png]
[fakye.web-cartel.com/11-Clothing/Accra.html]
[fakye.web-cartel.com/images/listing/1532197736.Screen Shot 2018-02-27 at 10.33.35 AM.png]
[fakye.web-cartel.com/15-Used phone for dash/Accra.html]
[fakye.web-cartel.com/images/listing/1532268757.toyo 2.jpg]
[fakye.web-cartel.com/16-car/Accra.html]
[fakye.web-cartel.com/images/listing/1532272784.toyo 1.jpg]
[fakye.web-cartel.com/17-nice care/Koforidua.html]
[fakye.web-cartel.com/images/listing/1532281519.f1.jpg]
[fakye.web-cartel.com/18-Food to eat/Koforidua.html]
[fakye.web-cartel.com/images/listing/1536435893.Screenshot_20180908-144138.png]
[fakye.web-cartel.com/19-Used laptop/Kumasi.html]
[fakye.web-cartel.com/images/listing/1524911820.18-500384_0_1.jpg]
[fakye.web-cartel.com/2-Free Furniture Give Away/Accra.html]
[fakye.web-cartel.com/images/listing/1544997158.services5.jpg]
[fakye.web-cartel.com/21-Free Tractor/Accra.html]
[fakye.web-cartel.com/images/listing/1545036986.Screenshot 2018-11-08 15.09.46.png]
[fakye.web-cartel.com/22-Used toy/Accra.html]
[fakye.web-cartel.com/images/listing/1545072744.IMG_20181126_183907.jpg]
[fakye.web-cartel.com/23-Used infinix hot 4/Accra.html]
[fakye.web-cartel.com/images/listing/1524911949._247633823.jpg]
[fakye.web-cartel.com/3-Apartment For Free Stay/Accra.html]
[fakye.web-cartel.com/team-fakye.html]
[fakye.web-cartel.com/index4658.html]
[fakye.web-cartel.com/images/new-thum-1.png]
[fakye.web-cartel.com/listing_detail.html]
[fakye.web-cartel.com/privacy-policy.html]
[fakye.web-cartel.com/contact-us.html]
[fakye.web-cartel.com/faq-us.html]
[fakye.web-cartel.com/js/jquery-2.2.4.min.js]
[fakye.web-cartel.com/js/bootstrap.min.js]
[fakye.web-cartel.com/js/bootstrap-datetimepicker.min.js]
[fakye.web-cartel.com/js/jquery_custom.js]
[fakye.web-cartel.com/js/custom/searchLocation.js]
[fakye.web-cartel.com/js/jquery.form.js]
[fakye.web-cartel.com/js/custom/pages.js]
[fakye.web-cartel.com/js/custom/category.js]
[fakye.web-cartel.com/js/custom/profile.js]
[fakye.web-cartel.com/js/custom/listing.js]
[fakye.web-cartel.com/js/custom/modals.js]
[fakye.web-cartel.com/js/colorbox/jquery.colorbox-min.js]
[fakye.web-cartel.com/js/bootstrap-select/bootstrap-select.min.js]
[fakye.web-cartel.com/js/owl.carousel/owl.carousel.js]
[fakye.web-cartel.com/js/dropify.js]
[fakye.web-cartel.com/js/bootbox.min.js]
[fakye.web-cartel.com/index.html]
[fakye.web-cartel.com/fonts/glyphicons-halflings-regular.eot]
[img1.wsimg.com/tcc/tcc_l.combined.1.0.6.min.js]
[fakye.web-cartel.com/fonts/glyphicons-halflings-regulard41dd41d.eot]
[fakye.web-cartel.com/fonts/glyphicons-halflings-regular.woff2]
[fakye.web-cartel.com/fonts/glyphicons-halflings-regular.woff]
[fakye.web-cartel.com/fonts/glyphicons-halflings-regular.ttf]
[fakye.web-cartel.com/css/bootstrap.min.css]
[fakye.web-cartel.com/fonts/dropify.eot]
[fakye.web-cartel.com/fonts/dropify.woff]
[fakye.web-cartel.com/fonts/dropify.ttf]
[fakye.web-cartel.com/fonts/dropify.svg]
[fakye.web-cartel.com/css/dropify.min.css]
[fakye.web-cartel.com/css/animate.css]
[fakye.web-cartel.com/images/slt_btn_cat.png]
[fakye.web-cartel.com/images/inner_search_bg.jpg]
[fakye.web-cartel.com/images/banner.jpg]
[fakye.web-cartel.com/images/category_bg.png]
[fakye.web-cartel.com/images/vfx_counter_bg.png]
[fakye.web-cartel.com/images/bg-map.png]
[fakye.web-cartel.com/images/top-move.png]
[fakye.web-cartel.com/images/listing-detail.jpg]
[fakye.web-cartel.com/images/ic_right.png]
[fakye.web-cartel.com/images/add-image.png]
[fakye.web-cartel.com/images/form-icon-2.png]
[fakye.web-cartel.com/images/error-page-bg.jpg]
[fakye.web-cartel.com/css/stylesheet.css]
[fakye.web-cartel.com/css/responsive_style.css]
[fakye.web-cartel.com/css/superlist.css]
[fakye.web-cartel.com/js/owl.carousel/owl.video.play.60.delayed]
[fakye.web-cartel.com/js/owl.carousel/owl.carousel.css]
[fakye.web-cartel.com/js/colorbox/example1/images/overlay.png]
[fakye.web-cartel.com/js/colorbox/example1/images/controls.png]
[fakye.web-cartel.com/js/colorbox/example1/images/border.png]
[fakye.web-cartel.com/js/colorbox/example1/images/loading_background.png]
[fakye.web-cartel.com/js/colorbox/example1/images/loading.gif]
[fakye.web-cartel.com/js/colorbox/example1/colorbox.css]
[fakye.web-cartel.com/fonts/fontawesome-webfont5b625b62.eot]
[fakye.web-cartel.com/fonts/fontawesome-webfontd41dd41d.eot]
[fakye.web-cartel.com/fonts/fontawesome-webfont5b625b62.woff2]
[fakye.web-cartel.com/fonts/fontawesome-webfont5b625b62.woff]
[fakye.web-cartel.com/fonts/fontawesome-webfont5b625b62.ttf]
[fakye.web-cartel.com/css/font-awesome.min.css]
[fakye.web-cartel.com/css/bootstrap-datetimepicker.css]
[fakye.web-cartel.com/dist/imageuploadify.min.css]
[fakye.web-cartel.com/login.html]
[fakye.web-cartel.com/about.html]
[fakye.web-cartel.com/images/about-user.png]
[fakye.web-cartel.com/about-fakye.html]
[fakye.web-cartel.com/categories.html]
[fakye.web-cartel.com/charitable-post-in-ghana4658.html]
[fakye.web-cartel.com/charitable-post-in-ghana.html]
[fakye.web-cartel.com/donation-page.html]
[fakye.web-cartel.com/categories/images/loading.gif]
[fakye.web-cartel.com/8-Free Lady's Wear at Adenta/Accra.html]
[fakye.web-cartel.com/images/listing/1524936566.10050934_MSTD_MAIN.jpg]
[fakye.web-cartel.com/categories/images/new-thum-1.73.delayed]
[fakye.web-cartel.com/categories/listing_detail.html]
[fakye.web-cartel.com/categories/9-Clothing.html]
[fakye.web-cartel.com/categories/8-Food.html]
[fakye.web-cartel.com/7-Rich Dad Poor Dad Book For Free/Accra.html]
[fakye.web-cartel.com/images/listing/1524935133.828_1.jpg]
[fakye.web-cartel.com/categories/5-Books & Stationary.html]
[fakye.web-cartel.com/categories/7-Services.html]
[fakye.web-cartel.com/categories/10-Electronics.html]
[fakye.web-cartel.com/categories/11-Pets.html]
[fakye.web-cartel.com/categories/12-Furniture.html]
[fakye.web-cartel.com/categories/14-Others.html]
[fakye.web-cartel.com/categories/13-Hardware.html]
[fakye.web-cartel.com/1-THE BIG CHEESE/images/loading.gif]
[fakye.web-cartel.com/images/detail-view-bg.jpg]
[fakye.web-cartel.com/images/company-logo.jpg]
[fakye.web-cartel.com/images/listing/1524910673.DSC_0048.jpg]
[fakye.web-cartel.com/images/listing/1524910673.photo-3 (1).jpg]
[fakye.web-cartel.com/images/listing/1524910673.photo-3.jpg]
[fakye.web-cartel.com/1-THE BIG CHEESE/images/new-thum-1.7f.delayed]
[fakye.web-cartel.com/1-THE BIG CHEESE/listing_detail.html]
[fakye.web-cartel.com/js/superlist.js]
[fakye.web-cartel.com/1-THE BIG CHEESE/Accra.html]
[fakye.web-cartel.com/images/listing/1525955867.Screen Shot 2018-02-27 at 10.33.35 AM.png]
[fakye.web-cartel.com/11-Clothing/images/loading.82.delayed]
[fakye.web-cartel.com/11-Clothing/images/new-thum-1.png]
[fakye.web-cartel.com/11-Clothing/listing_detail.html]
[fakye.web-cartel.com/11-Clothing/Accra.html]
[fakye.web-cartel.com/15-Used phone for dash/images/loading.gif]
[fakye.web-cartel.com/15-Used phone for dash/images/new-thum-1.png]
[fakye.web-cartel.com/15-Used phone for dash/listing_detail.html]
[fakye.web-cartel.com/15-Used phone for dash/Accra.html]
[fakye.web-cartel.com/16-car/images/loading.gif]
[fakye.web-cartel.com/16-car/images/new-thum-1.png]
[fakye.web-cartel.com/16-car/listing_detail.html]
[fakye.web-cartel.com/16-car/Accra.html]
[fakye.web-cartel.com/17-nice care/images/loading.gif]
[fakye.web-cartel.com/17-nice care/images/new-thum-1.png]
[fakye.web-cartel.com/17-nice care/listing_detail.html]
[fakye.web-cartel.com/17-nice care/Koforidua.html]
[fakye.web-cartel.com/18-Food to eat/images/loading.gif]
[fakye.web-cartel.com/images/listing/1532281519.f2.jpg]
[fakye.web-cartel.com/images/listing/1532281519.f3.jpg]
[fakye.web-cartel.com/images/listing/1532281519.f4.jpg]
[fakye.web-cartel.com/images/listing/1532281519.f5.jpg]
[fakye.web-cartel.com/18-Food to eat/images/new-thum-1.png]
[fakye.web-cartel.com/18-Food to eat/listing_detail.html]
[fakye.web-cartel.com/18-Food to eat/Koforidua.html]
[fakye.web-cartel.com/19-Used laptop/images/loading.gif]
[fakye.web-cartel.com/19-Used laptop/images/new-thum-1.png]
[fakye.web-cartel.com/19-Used laptop/listing_detail.html]
[fakye.web-cartel.com/19-Used laptop/Kumasi.html]
[fakye.web-cartel.com/2-Free Furniture Give Away/images/loading.gif]
[fakye.web-cartel.com/images/listing/1524911820.18-500384_1_1.jpg]
[fakye.web-cartel.com/images/listing/1524911820.18-500384_2_1.jpg]
[fakye.web-cartel.com/images/listing/1524911820.18-500384_3_1.jpg]
[fakye.web-cartel.com/images/listing/1524911820.18-500384_4_1.jpg]
[fakye.web-cartel.com/2-Free Furniture Give Away/images/new-thum-1.png]
[fakye.web-cartel.com/2-Free Furniture Give Away/listing_detail.html]
[fakye.web-cartel.com/2-Free Furniture Give Away/Accra.html]
[fakye.web-cartel.com/21-Free Tractor/images/loading.gif]
[fakye.web-cartel.com/21-Free Tractor/images/new-thum-1.png]
[fakye.web-cartel.com/21-Free Tractor/listing_detail.html]
[fakye.web-cartel.com/21-Free Tractor/Accra.html]
[fakye.web-cartel.com/22-Used toy/images/loading.gif]
[fakye.web-cartel.com/22-Used toy/images/new-thum-1.png]
[fakye.web-cartel.com/22-Used toy/listing_detail.html]
[fakye.web-cartel.com/22-Used toy/Accra.html]
[fakye.web-cartel.com/23-Used infinix hot 4/images/loading.gif]
[fakye.web-cartel.com/23-Used infinix hot 4/images/new-thum-1.png]
[fakye.web-cartel.com/23-Used infinix hot 4/listing_detail.html]
[fakye.web-cartel.com/23-Used infinix hot 4/Accra.html]
[fakye.web-cartel.com/3-Apartment For Free Stay/images/loading.gif]
[fakye.web-cartel.com/images/listing/1524911949._374826580.jpg]
[fakye.web-cartel.com/images/listing/1524911949._1777602923.jpg]
[fakye.web-cartel.com/images/listing/1524911949.18-500384_0_1.jpg]
[fakye.web-cartel.com/3-Apartment For Free Stay/images/new-thum-1.ac.delayed]
[fakye.web-cartel.com/3-Apartment For Free Stay/listing_detail.html]
[fakye.web-cartel.com/3-Apartment For Free Stay/Accra.html]
[fakye.web-cartel.com/index4658.html]
[fakye.web-cartel.com/index2679.html]
[fakye.web-cartel.com/images/team1.png]
[fakye.web-cartel.com/images/team2.png]
[fakye.web-cartel.com/team-fakye.html]
[fakye.web-cartel.com/listing_detail.html]
[fakye.web-cartel.com/privacy.html]
[fakye.web-cartel.com/images/privacy.png]
[fakye.web-cartel.com/privacy-policy.html]
[fakye.web-cartel.com/contact-us.html]
[fakye.web-cartel.com/images/faq.png]
[fakye.web-cartel.com/faq-us.html]
[fakye.web-cartel.com/fonts/glyphicons-halflings-regular.svg]
[fakye.web-cartel.com/fonts/dropify.html]
[fakye.web-cartel.com/fonts/dropify-2.html]
[fakye.web-cartel.com/fonts/dropify-3.html]
[fakye.web-cartel.com/fonts/dropify-4.html]
[fakye.web-cartel.com/images/add-image.html]
[fakye.web-cartel.com/js/owl.carousel/owl.video.play.html]
[fakye.web-cartel.com/fonts/fontawesome-webfont5b625b62.svg]
[fakye.web-cartel.com/login.html]
[fakye.web-cartel.com/about.html]
[fakye.web-cartel.com/charitable-post-in-ghana2679.html]
[fakye.web-cartel.com/charitable-post-in-ghana4658.html]
[fakye.web-cartel.com/categories/images/loading.html]
[fakye.web-cartel.com/8-Free Lady's Wear at Adenta/images/loading.gif]
[fakye.web-cartel.com/images/listing/1524936566.10050934_MSTD_MAIN (1).jpg]
[fakye.web-cartel.com/images/listing/1524936566.10050934_MSTD_ALT02.jpg]
[fakye.web-cartel.com/images/listing/1524936566.10050934_MSTD_ALT03.jpg]
[fakye.web-cartel.com/8-Free Lady's Wear at Adenta/images/new-thum-1.b8.delayed]
[fakye.web-cartel.com/8-Free Lady's Wear at Adenta/listing_detail.html]
[fakye.web-cartel.com/8-Free Lady's Wear at Adenta/Accra.html]
[fakye.web-cartel.com/categories/images/new-thum-1.html]
[fakye.web-cartel.com/categories/listing_detail.html]
[fakye.web-cartel.com/7-Rich Dad Poor Dad Book For Free/images/loading.gif]
[fakye.web-cartel.com/images/listing/1524935133.maxresdefault.jpg]
[fakye.web-cartel.com/images/listing/1524935136.richdad-facebook-og.jpg]
[fakye.web-cartel.com/images/listing/1524935136.rich-dad-poor-dad-800x378.jpg]
[fakye.web-cartel.com/7-Rich Dad Poor Dad Book For Free/images/new-thum-1.be.delayed]
[fakye.web-cartel.com/7-Rich Dad Poor Dad Book For Free/listing_detail.html]
[fakye.web-cartel.com/7-Rich Dad Poor Dad Book For Free/Accra.html]
[fakye.web-cartel.com/dist/remodal.css]
[fakye.web-cartel.com/dist/remodal-default-theme.css]
[fakye.web-cartel.com/1-THE BIG CHEESE/images/loading.html]
[fakye.web-cartel.com/1-THE BIG CHEESE/images/new-thum-1.html]
[fakye.web-cartel.com/1-THE BIG CHEESE/listing_detail.html]
[fakye.web-cartel.com/11-Clothing/images/loading.html]
[fakye.web-cartel.com/11-Clothing/images/new-thum-1.html]
[fakye.web-cartel.com/11-Clothing/listing_detail.html]
[fakye.web-cartel.com/15-Used phone for dash/images/loading.html]
[fakye.web-cartel.com/15-Used phone for dash/images/new-thum-1.html]
[fakye.web-cartel.com/15-Used phone for dash/listing_detail.html]
[fakye.web-cartel.com/16-car/images/loading.html]
[fakye.web-cartel.com/16-car/images/new-thum-1.html]
[fakye.web-cartel.com/16-car/listing_detail.html]
[fakye.web-cartel.com/17-nice care/images/loading.html]
[fakye.web-cartel.com/17-nice care/images/new-thum-1.html]
[fakye.web-cartel.com/17-nice care/listing_detail.html]
[fakye.web-cartel.com/18-Food to eat/images/loading.html]
[fakye.web-cartel.com/18-Food to eat/images/new-thum-1.html]
[fakye.web-cartel.com/18-Food to eat/listing_detail.html]
[fakye.web-cartel.com/19-Used laptop/images/loading.html]
[fakye.web-cartel.com/19-Used laptop/images/new-thum-1.html]
[fakye.web-cartel.com/19-Used laptop/listing_detail.html]
[fakye.web-cartel.com/2-Free Furniture Give Away/images/loading.html]
[fakye.web-cartel.com/2-Free Furniture Give Away/images/new-thum-1.html]
[fakye.web-cartel.com/2-Free Furniture Give Away/listing_detail.html]
[fakye.web-cartel.com/21-Free Tractor/images/loading.html]
[fakye.web-cartel.com/21-Free Tractor/images/new-thum-1.html]
[fakye.web-cartel.com/21-Free Tractor/listing_detail.html]
[fakye.web-cartel.com/22-Used toy/images/loading.html]
[fakye.web-cartel.com/22-Used toy/images/new-thum-1.html]
[fakye.web-cartel.com/22-Used toy/listing_detail.html]
[fakye.web-cartel.com/23-Used infinix hot 4/images/loading.html]
[fakye.web-cartel.com/23-Used infinix hot 4/images/new-thum-1.html]
[fakye.web-cartel.com/23-Used infinix hot 4/listing_detail.html]
[fakye.web-cartel.com/3-Apartment For Free Stay/images/loading.html]
[fakye.web-cartel.com/3-Apartment For Free Stay/images/new-thum-1.html]
[fakye.web-cartel.com/3-Apartment For Free Stay/listing_detail.html]
[fakye.web-cartel.com/index2679.html]
[fakye.web-cartel.com/privacy.html]
[fakye.web-cartel.com/charitable-post-in-ghana2679.html]
[fakye.web-cartel.com/8-Free Lady's Wear at Adenta/images/loading.html]
[fakye.web-cartel.com/8-Free Lady's Wear at Adenta/images/new-thum-1.html]
[fakye.web-cartel.com/8-Free Lady's Wear at Adenta/listing_detail.html]
[fakye.web-cartel.com/7-Rich Dad Poor Dad Book For Free/images/loading.html]
[fakye.web-cartel.com/7-Rich Dad Poor Dad Book For Free/images/new-thum-1.html]
[fakye.web-cartel.com/7-Rich Dad Poor Dad Book For Free/listing_detail.html]
